// Jest Snapshot v1, https://goo.gl/fbAQLP

exports[`ParticipantList component renders UI as expected 1`] = `
<div
  className="participants"
>
  <div
    className="session-participant"
  >
    <img
      alt="Koren Templeton"
      src="https://robohash.org/itaquevoluptatumrerum.jpg?size=200x200&set=set1"
    />
    <div
      className="participant-details"
    >
      <h6>
        Koren Templeton
      </h6>
      <div
        className="status"
      />
    </div>
  </div>
  <div
    className="session-participant"
  >
    <img
      alt="Caty Flucker"
      src="https://robohash.org/doloredolorescupiditate.jpg?size=200x200&set=set1"
    />
    <div
      className="participant-details"
    >
      <h6>
        Caty Flucker
      </h6>
      <div
        className="status"
      />
    </div>
  </div>
  <div
    className="session-participant"
  >
    <img
      alt="Frank Runciman"
      src="https://robohash.org/etexercitationemassumenda.jpg?size=200x200&set=set1"
    />
    <div
      className="participant-details"
    >
      <h6>
        Frank Runciman
      </h6>
      <div
        className="status"
      />
    </div>
  </div>
  <div
    className="session-participant"
  >
    <img
      alt="Ashla Attwool"
      src="https://robohash.org/iustodoloremqueinventore.jpg?size=200x200&set=set1"
    />
    <div
      className="participant-details"
    >
      <h6>
        Ashla Attwool
      </h6>
      <div
        className="status"
      />
    </div>
  </div>
  <div
    className="session-participant"
  >
    <img
      alt="Axe Kubicka"
      src="https://robohash.org/utlaborumfugit.jpg?size=200x200&set=set1"
    />
    <div
      className="participant-details"
    >
      <h6>
        Axe Kubicka
      </h6>
      <div
        className="status"
      />
    </div>
  </div>
</div>
`;
