// Jest Snapshot v1, https://goo.gl/fbAQLP

exports[`Stage component renders UI as expected 1`] = `
<section
  className="stage"
>
  <div
    className="active-view"
  >
    <div
      className="onStageParticipants"
    >
      <img
        alt="Koren Templeton"
        src="https://robohash.org/itaquevoluptatumrerum.jpg?size=200x200&set=set1"
      />
      <div
        className="stageDetails"
      >
        <span
          className="contact-on-stage-details-text"
        >
          Koren Templeton
        </span>
        <div
          className="mute"
        >
          mute
        </div>
        <div
          className="search"
        >
          search
        </div>
      </div>
    </div>
    <div
      className="onStageParticipants"
    >
      <img
        alt="Ashla Attwool"
        src="https://robohash.org/iustodoloremqueinventore.jpg?size=200x200&set=set1"
      />
      <div
        className="stageDetails"
      >
        <span
          className="contact-on-stage-details-text"
        >
          Ashla Attwool
        </span>
        <div
          className="mute"
        >
          mute
        </div>
        <div
          className="search"
        >
          search
        </div>
      </div>
    </div>
  </div>
</section>
`;
